[gambolthemes.net/html-items/jobby/jobby-medical/index.html]
[backblue.gif]
[fade.gif]
[index.html]
[gambolthemes.net/html-items/jobby/jobby-medical/images/fav.png]
[gambolthemes.net/html-items/jobby/jobby-medical/css/responsive.css]
[gambolthemes.net/html-items/jobby/jobby-medical/css/style.css]
[gambolthemes.net/html-items/jobby/jobby-medical/css/datepicker.min.css]
[gambolthemes.net/html-items/jobby/jobby-medical/vendor/bootstrap/css/bootstrap.min.css]
[gambolthemes.net/html-items/jobby/jobby-medical/vendor/fontawesome-free/css/all.min.css]
[gambolthemes.net/html-items/jobby/jobby-medical/vendor/OwlCarousel/assets/owl.carousel.css]
[gambolthemes.net/html-items/jobby/jobby-medical/vendor/OwlCarousel/assets/owl.theme.default.min.css]
[gambolthemes.net/html-items/jobby/jobby-medical/vendor/semantic/semantic.min.css]
[gambolthemes.net/html-items/jobby/jobby-medical/images/user-dp-1.jpg]
[gambolthemes.net/html-items/jobby/jobby-medical/hospital_messages.html]
[gambolthemes.net/html-items/jobby/jobby-medical/hospital_notifications.html]
[gambolthemes.net/html-items/jobby/jobby-medical/images/dp.jpg]
[gambolthemes.net/html-items/jobby/jobby-medical/hospital_dashboard.html]
[gambolthemes.net/html-items/jobby/jobby-medical/hospital_setting.html]
[gambolthemes.net/html-items/jobby/jobby-medical/hospital_jobs.html]
[gambolthemes.net/html-items/jobby/jobby-medical/hospital_appointments.html]
[gambolthemes.net/html-items/jobby/jobby-medical/hospital_bookmarks.html]
[gambolthemes.net/html-items/jobby/jobby-medical/hospital_payments.html]
[gambolthemes.net/html-items/jobby/jobby-medical/sign_in.html]
[gambolthemes.net/html-items/jobby/jobby-medical/images/logo.svg]
[gambolthemes.net/html-items/jobby/jobby-medical/browse_jobs.html]
[gambolthemes.net/html-items/jobby/jobby-medical/job_single_view.html]
[gambolthemes.net/html-items/jobby/jobby-medical/post_a_job.html]
[gambolthemes.net/html-items/jobby/jobby-medical/browse_profiles.html]
[gambolthemes.net/html-items/jobby/jobby-medical/other_doctor_profile.html]
[gambolthemes.net/html-items/jobby/jobby-medical/other_patient_profile.html]
[gambolthemes.net/html-items/jobby/jobby-medical/browse_hospitals.html]
[gambolthemes.net/html-items/jobby/jobby-medical/other_hospital_profile.html]
[gambolthemes.net/html-items/jobby/jobby-medical/about.html]
[gambolthemes.net/html-items/jobby/jobby-medical/our_blog.html]
[gambolthemes.net/html-items/jobby/jobby-medical/blog_single_view.html]
[gambolthemes.net/html-items/jobby/jobby-medical/pricing_plans.html]
[gambolthemes.net/html-items/jobby/jobby-medical/checkout.html]
[gambolthemes.net/html-items/jobby/jobby-medical/plan_invoice.html]
[gambolthemes.net/html-items/jobby/jobby-medical/transaction_invoice.html]
[gambolthemes.net/html-items/jobby/jobby-medical/sign_up.html]
[gambolthemes.net/html-items/jobby/jobby-medical/sign_up_select_profile.html]
[gambolthemes.net/html-items/jobby/jobby-medical/sign_up_doctor_profile.html]
[gambolthemes.net/html-items/jobby/jobby-medical/sign_up_hospital_profile.html]
[gambolthemes.net/html-items/jobby/jobby-medical/sign_up_user_profile.html]
[gambolthemes.net/html-items/jobby/jobby-medical/contact_us.html]
[gambolthemes.net/html-items/jobby/jobby-medical/help_center.html]
[gambolthemes.net/html-items/jobby/jobby-medical/images/line.svg]
[gambolthemes.net/html-items/jobby/jobby-medical/images/homepage/categories/icon-1.svg]
[gambolthemes.net/html-items/jobby/jobby-medical/images/homepage/categories/icon-2.svg]
[gambolthemes.net/html-items/jobby/jobby-medical/images/homepage/categories/icon-3.svg]
[gambolthemes.net/html-items/jobby/jobby-medical/images/homepage/categories/icon-4.svg]
[gambolthemes.net/html-items/jobby/jobby-medical/images/homepage/categories/icon-5.svg]
[gambolthemes.net/html-items/jobby/jobby-medical/images/homepage/categories/icon-6.svg]
[gambolthemes.net/html-items/jobby/jobby-medical/images/homepage/categories/icon-7.svg]
[gambolthemes.net/html-items/jobby/jobby-medical/images/homepage/categories/icon-8.svg]
[gambolthemes.net/html-items/jobby/jobby-medical/images/homepage/categories/icon-9.svg]
[gambolthemes.net/html-items/jobby/jobby-medical/images/homepage/categories/icon-10.svg]
[gambolthemes.net/html-items/jobby/jobby-medical/images/homepage/categories/icon-11.svg]
[gambolthemes.net/html-items/jobby/jobby-medical/images/homepage/categories/icon-12.svg]
[gambolthemes.net/html-items/jobby/jobby-medical/images/homepage/latest-jobs/img-1.jpg]
[gambolthemes.net/html-items/jobby/jobby-medical/images/homepage/latest-jobs/img-2.jpg]
[gambolthemes.net/html-items/jobby/jobby-medical/images/homepage/latest-jobs/img-3.jpg]
[gambolthemes.net/html-items/jobby/jobby-medical/images/homepage/latest-jobs/img-4.jpg]
[gambolthemes.net/html-items/jobby/jobby-medical/images/homepage/latest-jobs/img-5.jpg]
[gambolthemes.net/html-items/jobby/jobby-medical/images/homepage/latest-jobs/img-6.jpg]
[gambolthemes.net/html-items/jobby/jobby-medical/images/homepage/candidates/img-1.jpg]
[gambolthemes.net/html-items/jobby/jobby-medical/images/homepage/candidates/img-8.jpg]
[gambolthemes.net/html-items/jobby/jobby-medical/images/homepage/candidates/img-4.jpg]
[gambolthemes.net/html-items/jobby/jobby-medical/images/homepage/candidates/img-3.jpg]
[gambolthemes.net/html-items/jobby/jobby-medical/images/homepage/candidates/img-11.jpg]
[gambolthemes.net/html-items/jobby/jobby-medical/images/homepage/candidates/img-13.jpg]
[gambolthemes.net/html-items/jobby/jobby-medical/images/homepage/blog/img-1.jpg]
[gambolthemes.net/html-items/jobby/jobby-medical/images/homepage/blog/img-2.jpg]
[gambolthemes.net/html-items/jobby/jobby-medical/images/homepage/blog/img-3.jpg]
[gambolthemes.net/html-items/jobby/jobby-medical/images/logo1.svg]
[gambolthemes.net/html-items/jobby/jobby-medical/privacy_policy.html]
[gambolthemes.net/html-items/jobby/jobby-medical/terms.html]
[gambolthemes.net/html-items/jobby/jobby-medical/js/jquery.min.js]
[gambolthemes.net/html-items/jobby/jobby-medical/js/datepicker.min.js]
[gambolthemes.net/html-items/jobby/jobby-medical/js/i18n/datepicker.en.js]
[gambolthemes.net/html-items/jobby/jobby-medical/vendor/bootstrap/js/bootstrap.bundle.min.js]
[gambolthemes.net/html-items/jobby/jobby-medical/vendor/OwlCarousel/owl.carousel.js]
[gambolthemes.net/html-items/jobby/jobby-medical/vendor/semantic/semantic.min.js]
[gambolthemes.net/html-items/jobby/jobby-medical/index.html]
[gambolthemes.net/html-items/jobby/jobby-medical/css/responsive.css]
[gambolthemes.net/html-items/jobby/jobby-medical/js/custom1.js]
[gambolthemes.net/html-items/jobby/jobby-medical/images/homepage/banner.jpg]
[gambolthemes.net/html-items/jobby/jobby-medical/images/title-bg.jpg]
[gambolthemes.net/html-items/jobby/jobby-medical/images/browse/banner.jpg]
[gambolthemes.net/html-items/jobby/jobby-medical/css/style.css]
[gambolthemes.net/html-items/jobby/jobby-medical/css/datepicker.min.css]
[gambolthemes.net/html-items/jobby/jobby-medical/vendor/bootstrap/css/bootstrap.min.css]
[gambolthemes.net/html-items/jobby/jobby-medical/vendor/fontawesome-free/webfonts/fa-brands-400.eot]
[gambolthemes.net/html-items/jobby/jobby-medical/vendor/fontawesome-free/webfonts/fa-brands-400d41d.eot]
[gambolthemes.net/html-items/jobby/jobby-medical/vendor/fontawesome-free/webfonts/fa-brands-400.woff2]
[gambolthemes.net/html-items/jobby/jobby-medical/vendor/fontawesome-free/webfonts/fa-brands-400.woff]
[gambolthemes.net/html-items/jobby/jobby-medical/vendor/fontawesome-free/webfonts/fa-brands-400.ttf]
[gambolthemes.net/html-items/jobby/jobby-medical/vendor/fontawesome-free/webfonts/fa-brands-400.svg]
[gambolthemes.net/html-items/jobby/jobby-medical/vendor/fontawesome-free/webfonts/fa-regular-400.eot]
[gambolthemes.net/html-items/jobby/jobby-medical/vendor/fontawesome-free/webfonts/fa-regular-400d41d.eot]
[gambolthemes.net/html-items/jobby/jobby-medical/vendor/fontawesome-free/webfonts/fa-regular-400.woff2]
[gambolthemes.net/html-items/jobby/jobby-medical/vendor/fontawesome-free/webfonts/fa-regular-400.woff]
[gambolthemes.net/html-items/jobby/jobby-medical/vendor/fontawesome-free/webfonts/fa-regular-400.ttf]
[gambolthemes.net/html-items/jobby/jobby-medical/vendor/fontawesome-free/webfonts/fa-regular-400.svg]
[gambolthemes.net/html-items/jobby/jobby-medical/vendor/fontawesome-free/webfonts/fa-solid-900.eot]
[gambolthemes.net/html-items/jobby/jobby-medical/vendor/fontawesome-free/webfonts/fa-solid-900d41d.eot]
[gambolthemes.net/html-items/jobby/jobby-medical/vendor/fontawesome-free/webfonts/fa-solid-900.woff2]
[gambolthemes.net/html-items/jobby/jobby-medical/vendor/fontawesome-free/webfonts/fa-solid-900.woff]
[gambolthemes.net/html-items/jobby/jobby-medical/vendor/fontawesome-free/webfonts/fa-solid-900.ttf]
[gambolthemes.net/html-items/jobby/jobby-medical/vendor/fontawesome-free/css/all.min.css]
[gambolthemes.net/html-items/jobby/jobby-medical/vendor/fontawesome-free/webfonts/fa-solid-900.svg]
[gambolthemes.net/html-items/jobby/jobby-medical/vendor/OwlCarousel/assets/owl.video.play.png]
[gambolthemes.net/html-items/jobby/jobby-medical/vendor/OwlCarousel/assets/owl.carousel.css]
[gambolthemes.net/html-items/jobby/jobby-medical/vendor/OwlCarousel/assets/owl.theme.default.min.css]
[gambolthemes.net/html-items/jobby/jobby-medical/vendor/semantic/themes/default/assets/images/flags.png]
[gambolthemes.net/html-items/jobby/jobby-medical/vendor/semantic/themes/default/assets/fonts/icons.eot]
[gambolthemes.net/html-items/jobby/jobby-medical/vendor/semantic/themes/default/assets/fonts/iconsd41d.eot]
[gambolthemes.net/html-items/jobby/jobby-medical/vendor/semantic/themes/default/assets/fonts/icons.woff2]
[gambolthemes.net/html-items/jobby/jobby-medical/vendor/semantic/themes/default/assets/fonts/icons.woff]
[gambolthemes.net/html-items/jobby/jobby-medical/vendor/semantic/themes/default/assets/fonts/icons.ttf]
[gambolthemes.net/html-items/jobby/jobby-medical/vendor/semantic/themes/default/assets/fonts/icons.svg]
[gambolthemes.net/html-items/jobby/jobby-medical/vendor/semantic/themes/default/assets/fonts/outline-icons.eot]
[gambolthemes.net/html-items/jobby/jobby-medical/vendor/semantic/themes/default/assets/fonts/outline-iconsd41d.eot]
[gambolthemes.net/html-items/jobby/jobby-medical/vendor/semantic/themes/default/assets/fonts/outline-icons.woff2]
[gambolthemes.net/html-items/jobby/jobby-medical/vendor/semantic/themes/default/assets/fonts/outline-icons.woff]
[gambolthemes.net/html-items/jobby/jobby-medical/vendor/semantic/themes/default/assets/fonts/outline-icons.ttf]
[gambolthemes.net/html-items/jobby/jobby-medical/vendor/semantic/themes/default/assets/fonts/outline-icons.svg]
[gambolthemes.net/html-items/jobby/jobby-medical/vendor/semantic/themes/default/assets/fonts/brand-icons.eot]
[gambolthemes.net/html-items/jobby/jobby-medical/vendor/semantic/themes/default/assets/fonts/brand-iconsd41d.eot]
[gambolthemes.net/html-items/jobby/jobby-medical/vendor/semantic/themes/default/assets/fonts/brand-icons.woff2]
[gambolthemes.net/html-items/jobby/jobby-medical/vendor/semantic/themes/default/assets/fonts/brand-icons.woff]
[gambolthemes.net/html-items/jobby/jobby-medical/vendor/semantic/themes/default/assets/fonts/brand-icons.ttf]
[gambolthemes.net/html-items/jobby/jobby-medical/vendor/semantic/semantic.min.css]
[gambolthemes.net/html-items/jobby/jobby-medical/vendor/semantic/themes/default/assets/fonts/brand-icons.svg]
[gambolthemes.net/html-items/jobby/jobby-medical/css/jquery.range.css]
[gambolthemes.net/html-items/jobby/jobby-medical/css/jquery.mCustomScrollbar.min.css]
[api.tiles.mapbox.com/mapbox-gl-js/v1.3.1/mapbox-gl.js]
[api.tiles.mapbox.com/mapbox-gl-js/v1.3.1/mapbox-gl.css]
[gambolthemes.net/html-items/jobby/jobby-medical/hospital_profile.html]
[gambolthemes.net/html-items/jobby/jobby-medical/hospital_doctors.html]
[gambolthemes.net/html-items/jobby/jobby-medical/hospital_gallery.html]
[gambolthemes.net/html-items/jobby/jobby-medical/hospital_reviews.html]
[gambolthemes.net/html-items/jobby/jobby-medical/images/messages/dp-1.jpg]
[gambolthemes.net/html-items/jobby/jobby-medical/images/messages/dp-2.jpg]
[gambolthemes.net/html-items/jobby/jobby-medical/images/messages/dp-3.jpg]
[gambolthemes.net/html-items/jobby/jobby-medical/images/messages/dp-4.jpg]
[gambolthemes.net/cdn-cgi/scripts/5c5dd728/cloudflare-static/email-decode.min.js]
[gambolthemes.net/html-items/jobby/jobby-medical/js/jquery.range-min.js]
[gambolthemes.net/html-items/jobby/jobby-medical/js/jquery.mCustomScrollbar.js]
[unpkg.com/es6-promise@4.2.4/dist/es6-promise.auto.min.js]
[unpkg.com/@mapbox/mapbox-sdk/umd/mapbox-sdk.min.js]
[gambolthemes.net/html-items/jobby/jobby-medical/hospital_messages.html]
[gambolthemes.net/html-items/jobby/jobby-medical/hospital_notifications.html]
[unpkg.com/@mapbox/mapbox-sdk@0.13.3/umd/mapbox-sdk.min.js]
[gambolthemes.net/html-items/jobby/jobby-medical/js/chart-1.js]
[gambolthemes.net/html-items/jobby/jobby-medical/js/chart-views.js]
[gambolthemes.net/html-items/jobby/jobby-medical/js/chart-pie.js]
[gambolthemes.net/html-items/jobby/jobby-medical/hospital_dashboard.html]
[gambolthemes.net/html-items/jobby/jobby-medical/js/Chart.min.js]
[gambolthemes.net/html-items/jobby/jobby-medical/images/profile_dp.jpg]
[gambolthemes.net/html-items/jobby/jobby-medical/hospital_setting.html]
[gambolthemes.net/html-items/jobby/jobby-medical/images/homepage/candidates/img-2.jpg]
[gambolthemes.net/html-items/jobby/jobby-medical/hospital_jobs.html]
[gambolthemes.net/html-items/jobby/jobby-medical/hospital_appointments.html]
[gambolthemes.net/html-items/jobby/jobby-medical/hospital_bookmarks.html]
[gambolthemes.net/html-items/jobby/jobby-medical/images/payoneer.png]
[gambolthemes.net/html-items/jobby/jobby-medical/hospital_payments.html]
[gambolthemes.net/html-items/jobby/jobby-medical/sign_in.html]
[gambolthemes.net/html-items/jobby/jobby-medical/images/logo.svg]
[gambolthemes.net/html-items/jobby/jobby-medical/forgot_password.html]
[gambolthemes.net/html-items/jobby/jobby-medical/images/browse/trophy.png]
[gambolthemes.net/html-items/jobby/jobby-medical/browse_jobs.html]
[gambolthemes.net/html-items/jobby/jobby-medical/job_single_view.html]
[gambolthemes.net/html-items/jobby/jobby-medical/post_a_job.html]
[gambolthemes.net/html-items/jobby/jobby-medical/images/homepage/candidates/img-9.jpg]
[gambolthemes.net/html-items/jobby/jobby-medical/images/homepage/candidates/img-10.jpg]
[gambolthemes.net/html-items/jobby/jobby-medical/browse_profiles.html]
[gambolthemes.net/html-items/jobby/jobby-medical/other_doctor_appointment.html]
[gambolthemes.net/html-items/jobby/jobby-medical/other_doctor_profile.html]
[gambolthemes.net/html-items/jobby/jobby-medical/other_patient_profile.html]
[gambolthemes.net/html-items/jobby/jobby-medical/other_doctor_reviews.html]
[gambolthemes.net/html-items/jobby/jobby-medical/images/homepage/candidates/img-12.jpg]
[gambolthemes.net/html-items/jobby/jobby-medical/images/homepage/candidates/img-14.jpg]
[gambolthemes.net/html-items/jobby/jobby-medical/images/homepage/candidates/img-15.jpg]
[gambolthemes.net/html-items/jobby/jobby-medical/images/homepage/candidates/img-16.jpg]
[gambolthemes.net/html-items/jobby/jobby-medical/browse_hospitals.html]
[gambolthemes.net/html-items/jobby/jobby-medical/other_hospital_doctors.html]
[gambolthemes.net/html-items/jobby/jobby-medical/other_hospital_appointment.html]
[gambolthemes.net/html-items/jobby/jobby-medical/other_hospital_gallery.html]
[gambolthemes.net/html-items/jobby/jobby-medical/other_hospital_profile.html]
[gambolthemes.net/html-items/jobby/jobby-medical/other_hospital_reviews.html]
[gambolthemes.net/html-items/jobby/jobby-medical/images/about/team-1.jpg]
[gambolthemes.net/html-items/jobby/jobby-medical/images/about/team-2.jpg]
[gambolthemes.net/html-items/jobby/jobby-medical/images/about/team-3.jpg]
[gambolthemes.net/html-items/jobby/jobby-medical/images/about/team-4.jpg]
[gambolthemes.net/html-items/jobby/jobby-medical/about.html]
[gambolthemes.net/html-items/jobby/jobby-medical/images/blog/img-1.jpg]
[gambolthemes.net/html-items/jobby/jobby-medical/images/blog/blog_logo.svg]
[gambolthemes.net/html-items/jobby/jobby-medical/images/homepage/blog/img-4.jpg]
[gambolthemes.net/html-items/jobby/jobby-medical/images/homepage/blog/img-5.jpg]
[gambolthemes.net/html-items/jobby/jobby-medical/images/homepage/blog/img-6.jpg]
[gambolthemes.net/html-items/jobby/jobby-medical/our_blog.html]
[gambolthemes.net/html-items/jobby/jobby-medical/images/blog/big-img.jpg]
[gambolthemes.net/html-items/jobby/jobby-medical/images/homepage/candidates/img-5.jpg]
[gambolthemes.net/html-items/jobby/jobby-medical/images/homepage/candidates/img-6.jpg]
[gambolthemes.net/html-items/jobby/jobby-medical/images/blog/post_dp.jpg]
[gambolthemes.net/html-items/jobby/jobby-medical/blog_single_view.html]
[gambolthemes.net/html-items/jobby/jobby-medical/pricing_plans.html]
[gambolthemes.net/html-items/jobby/jobby-medical/images/cards.png]
[gambolthemes.net/html-items/jobby/jobby-medical/images/paypal.png]
[gambolthemes.net/html-items/jobby/jobby-medical/checkout.html]
[gambolthemes.net/html-items/jobby/jobby-medical/plan_invoice.html]
[gambolthemes.net/html-items/jobby/jobby-medical/transaction_invoice.html]
[gambolthemes.net/html-items/jobby/jobby-medical/sign_up.html]
[gambolthemes.net/html-items/jobby/jobby-medical/images/invoice_logo.svg]
[gambolthemes.net/html-items/jobby/jobby-medical/images/cp_icon.svg]
[gambolthemes.net/html-items/jobby/jobby-medical/images/fp_icon.svg]
[gambolthemes.net/html-items/jobby/jobby-medical/sign_up_select_profile.html]
[gambolthemes.net/html-items/jobby/jobby-medical/sign_up_doctor_profile.html]
[gambolthemes.net/html-items/jobby/jobby-medical/sign_up_hospital_profile.html]
[gambolthemes.net/html-items/jobby/jobby-medical/sign_up_user_profile.html]
[gambolthemes.net/html-items/jobby/jobby-medical/contact_us.html]
[gambolthemes.net/html-items/jobby/jobby-medical/help_center.html]
[gambolthemes.net/html-items/jobby/jobby-medical/images/line.svg]
[gambolthemes.net/html-items/jobby/jobby-medical/images/homepage/categories/icon-1.svg]
[gambolthemes.net/html-items/jobby/jobby-medical/images/homepage/categories/icon-2.svg]
[gambolthemes.net/html-items/jobby/jobby-medical/images/homepage/categories/icon-3.svg]
[gambolthemes.net/html-items/jobby/jobby-medical/images/homepage/categories/icon-4.svg]
[gambolthemes.net/html-items/jobby/jobby-medical/images/homepage/categories/icon-5.svg]
[gambolthemes.net/html-items/jobby/jobby-medical/images/homepage/categories/icon-6.svg]
[gambolthemes.net/html-items/jobby/jobby-medical/images/homepage/categories/icon-7.svg]
[gambolthemes.net/html-items/jobby/jobby-medical/images/homepage/categories/icon-8.svg]
[gambolthemes.net/html-items/jobby/jobby-medical/images/homepage/categories/icon-9.svg]
[gambolthemes.net/html-items/jobby/jobby-medical/images/homepage/categories/icon-10.svg]
[gambolthemes.net/html-items/jobby/jobby-medical/images/homepage/categories/icon-11.svg]
[gambolthemes.net/html-items/jobby/jobby-medical/images/homepage/categories/icon-12.svg]
[gambolthemes.net/html-items/jobby/jobby-medical/images/logo1.svg]
[gambolthemes.net/html-items/jobby/jobby-medical/privacy_policy.html]
[gambolthemes.net/html-items/jobby/jobby-medical/terms.html]
[gambolthemes.net/html-items/jobby/jobby-medical/images/fp_icon1.svg]
[gambolthemes.net/html-items/jobby/jobby-medical/vendor/fontawesome-free/webfonts/fa-brands-400.svg]
[gambolthemes.net/html-items/jobby/jobby-medical/vendor/fontawesome-free/webfonts/fa-regular-400.svg]
[gambolthemes.net/html-items/jobby/jobby-medical/vendor/fontawesome-free/webfonts/fa-solid-900.svg]
[gambolthemes.net/html-items/jobby/jobby-medical/vendor/semantic/themes/default/assets/fonts/icons.svg]
[gambolthemes.net/html-items/jobby/jobby-medical/vendor/semantic/themes/default/assets/fonts/outline-icons.svg]
[gambolthemes.net/html-items/jobby/jobby-medical/vendor/semantic/themes/default/assets/fonts/brand-icons.svg]
[gambolthemes.net/html-items/jobby/jobby-medical/css/jquery.range.css]
[www.gambolthemes.net/html-items/jobby/jobby-medical/css/mCSB_buttons.b6.delayed]
[gambolthemes.net/html-items/jobby/jobby-medical/css/jquery.mCustomScrollbar.min.css]
[api.tiles.mapbox.com/mapbox-gl-js/v1.3.1/mapbox-gl.css]
[gambolthemes.net/html-items/jobby/jobby-medical/hospital_profile.html]
[gambolthemes.net/html-items/jobby/jobby-medical/hospital_doctors.html]
[gambolthemes.net/html-items/jobby/jobby-medical/images/portfolio/img-1.jpg]
[gambolthemes.net/html-items/jobby/jobby-medical/images/portfolio/img-2.jpg]
[gambolthemes.net/html-items/jobby/jobby-medical/images/portfolio/img-3.jpg]
[gambolthemes.net/html-items/jobby/jobby-medical/images/portfolio/img-4.jpg]
[gambolthemes.net/html-items/jobby/jobby-medical/images/portfolio/img-5.jpg]
[gambolthemes.net/html-items/jobby/jobby-medical/images/portfolio/img-6.jpg]
[gambolthemes.net/html-items/jobby/jobby-medical/hospital_gallery.html]
[gambolthemes.net/html-items/jobby/jobby-medical/hospital_reviews.html]
[gambolthemes.net/html-items/jobby/jobby-medical/forgot_password.html]
[gambolthemes.net/html-items/jobby/jobby-medical/other_doctor_appointment.html]
[gambolthemes.net/html-items/jobby/jobby-medical/other_doctor_reviews.html]
[gambolthemes.net/html-items/jobby/jobby-medical/other_hospital_doctors.html]
[gambolthemes.net/html-items/jobby/jobby-medical/other_hospital_appointment.html]
[gambolthemes.net/html-items/jobby/jobby-medical/other_hospital_gallery.html]
[gambolthemes.net/html-items/jobby/jobby-medical/other_hospital_reviews.html]
[gambolthemes.net/html-items/jobby/jobby-medical/images/blog/blog_logo.svg]
[gambolthemes.net/html-items/jobby/jobby-medical/images/invoice_logo.svg]
[gambolthemes.net/html-items/jobby/jobby-medical/images/cp_icon.svg]
[gambolthemes.net/html-items/jobby/jobby-medical/images/fp_icon.svg]
[gambolthemes.net/html-items/jobby/jobby-medical/images/fp_icon1.svg]
[www.gambolthemes.net/html-items/jobby/jobby-medical/css/mCSB_buttons.html]
